src/app/projects/material-control/inventory/page.tsx(52,11): error TS2322: Type 'unknown' is not assignable to type 'ReactNode'.
src/app/projects/material-control/reports/page.tsx(68,11): error TS2322: Type 'unknown' is not assignable to type 'ReactNode'.
src/app/projects/material-control/reports/page.tsx(85,117): error TS2538: Type 'unknown' cannot be used as an index type.
src/app/projects/material-control/reports/page.tsx(86,13): error TS2322: Type 'unknown' is not assignable to type 'ReactNode'.
src/app/projects/material-control/requisition/page.tsx(60,11): error TS2322: Type 'unknown' is not assignable to type 'ReactNode'.
src/app/projects/material-control/requisition/page.tsx(73,11): error TS2322: Type 'unknown' is not assignable to type 'ReactNode'.
src/app/projects/material-control/requisition/page.tsx(89,117): error TS2538: Type 'unknown' cannot be used as an index type.
src/app/projects/material-control/requisition/page.tsx(90,13): error TS2322: Type 'unknown' is not assignable to type 'ReactNode'.
src/app/projects/material-control/settings/page.tsx(59,20): error TS2538: Type 'unknown' cannot be used as an index type.
src/app/projects/material-control/settings/page.tsx(74,11): error TS2322: Type 'unknown' is not assignable to type 'ReactNode'.
src/app/projects/packaging/specs/[category]/page.tsx(594,80): error TS2322: Type 'unknown' is not assignable to type 'ReactNode'.
src/app/projects/packaging/specs/[category]/page.tsx(614,94): error TS2322: Type 'unknown' is not assignable to type 'ReactNode'.
src/app/projects/packaging/specs/[category]/page.tsx(620,94): error TS2322: Type 'unknown' is not assignable to type 'ReactNode'.
src/app/projects/packaging/specs/[category]/page.tsx(626,94): error TS2322: Type 'unknown' is not assignable to type 'ReactNode'.
src/app/projects/packaging/specs/[category]/page.tsx(635,11): error TS2322: Type 'unknown' is not assignable to type 'ReactNode'.
src/app/projects/packaging/specs/[category]/page.tsx(643,56): error TS2322: Type 'unknown' is not assignable to type 'ReactNode'.
